C51 COMPILER V9.59.0.0   ____                                                              09/14/2023 17:34:13 PAGE 1   


C51 COMPILER V9.59.0.0, COMPILATION OF MODULE ____
OBJECT MODULE PLACED IN 生日.OBJ
COMPILER INVOKED BY: D:\软件\DEVELOP\danpianji\keil\C51\BIN\C51.EXE 生日.c BROWSE DEBUG OBJECTEXTEND

line level    source

   1          #include <reg51.h>
   2          #define uint unsigned int
   3          #define uchar unsigned char
   4          uchar seg[]={0xa4,0xc0,0xc0,0xa4,0xf9,0xc0,0xa4,0xa4};
   5          void delay()
   6          {
   7   1              uint i,j;
   8   1              for(i=0;i<255;i++)
   9   1              for(j=0;j<255;j++);
  10   1              }
  11          void main ()
  12          {
  13   1              uchar n;
  14   1              while (1)
  15   1              {
  16   2                      for(n=0;n<8;n++)
  17   2                      {
  18   3                              P1=seg[n];
  19   3                              delay();
  20   3                              P1=0xff;
  21   3                              delay();
  22   3                              if (n==10)
  23   3                              n=0;
  24   3                      }
  25   2              }
  26   1      }


MODULE INFORMATION:   STATIC OVERLAYABLE
   CODE SIZE        =     64    ----
   CONSTANT SIZE    =   ----    ----
   XDATA SIZE       =   ----    ----
   PDATA SIZE       =   ----    ----
   DATA SIZE        =      8    ----
   IDATA SIZE       =   ----    ----
   BIT SIZE         =   ----    ----
END OF MODULE INFORMATION.


C51 COMPILATION COMPLETE.  0 WARNING(S),  0 ERROR(S)
