C51 COMPILER V9.59.0.0   PAOMADENG                                                         08/31/2023 17:13:13 PAGE 1   


C51 COMPILER V9.59.0.0, COMPILATION OF MODULE PAOMADENG
OBJECT MODULE PLACED IN paomadeng.OBJ
COMPILER INVOKED BY: D:\Èí¼þ\DEVELOP\Keil uvision5 C51v959(64bit)\C51\BIN\C51.EXE paomadeng.c BROWSE DEBUG OBJECTEXTEND

line level    source

   1          #include <reg51.h>
   2          #define uchar unsigned char
   3          void delay()
   4          {
   5   1      uchar i,j;
   6   1      for(i=0;i<255;i++)
   7   1      for(j=0;j<255;j++);
   8   1      }
   9          
  10          void main()
  11          {
  12   1      int m;
  13   1      P1 = 1;
  14   1      while(1) {
  15   2       for(m = 0; m < 8; m++) 
  16   2       {
  17   3          P1 = ~(1 << m); 
  18   3          delay();
  19   3       }
  20   2                      }                           
  21   1      }
  22           


MODULE INFORMATION:   STATIC OVERLAYABLE
   CODE SIZE        =     69    ----
   CONSTANT SIZE    =   ----    ----
   XDATA SIZE       =   ----    ----
   PDATA SIZE       =   ----    ----
   DATA SIZE        =   ----    ----
   IDATA SIZE       =   ----    ----
   BIT SIZE         =   ----    ----
END OF MODULE INFORMATION.


C51 COMPILATION COMPLETE.  0 WARNING(S),  0 ERROR(S)
