C51 COMPILER V9.59.0.0   LX10                                                              10/07/2023 11:37:06 PAGE 1   


C51 COMPILER V9.59.0.0, COMPILATION OF MODULE LX10
OBJECT MODULE PLACED IN LX10.OBJ
COMPILER INVOKED BY: D:\Èí¼þ\DEVELOP\danpianji\keil\C51\BIN\C51.EXE LX10.c BROWSE DEBUG OBJECTEXTEND

line level    source

   1          #include <reg51.h>
   2          #include <intrins.h>
   3          #define uchar unsigned char
   4          #define unit unsigned int
   5          uchar code dis_code[]={0xa4,0xc0,0xc0,0xa4,0xf9,0xc0,0xa4,0xa4};
   6          void delay()
   7          {
   8   1              uchar i,j;
   9   1              for(i=0;i<10;i++)
  10   1                      for(j=0;j<10;j++);
  11   1      }
  12          void main()
  13          {
  14   1              uchar i,j=0x80;
  15   1              while(1)
  16   1              {
  17   2                      for(i=0;i<8;i++)
  18   2                      {
  19   3                              j=_crol_(j,1);
  20   3                              P0=dis_code[i];
  21   3                              P2=j;
  22   3                              delay();
  23   3                              P0=0XFF;
  24   3                      }
  25   2              }
  26   1      }


MODULE INFORMATION:   STATIC OVERLAYABLE
   CODE SIZE        =     75    ----
   CONSTANT SIZE    =      8    ----
   XDATA SIZE       =   ----    ----
   PDATA SIZE       =   ----    ----
   DATA SIZE        =   ----    ----
   IDATA SIZE       =   ----    ----
   BIT SIZE         =   ----    ----
END OF MODULE INFORMATION.


C51 COMPILATION COMPLETE.  0 WARNING(S),  0 ERROR(S)
